// Jest Snapshot v1, https://goo.gl/fbAQLP

exports[`Component ThemeProvider should render correctly snapshot default test 1`] = `
<ContextProvider
  value={
    Object {
      "setTheme": [Function],
      "theme": "light",
    }
  }
>
  <div
    id="content"
  />
</ContextProvider>
`;
