// Jest Snapshot v1, https://goo.gl/fbAQLP

exports[`Form PageError should render correctly snapshot default test 1`] = `
<Memo(ContentLayout)
  title="title"
  type="content"
>
  <p>
    text
  </p>
</Memo(ContentLayout)>
`;
